------------------------------------------------------------------------------------------------------------------------------------------------------
      name:  <unnamed>
       log:  /Users/kahrens/MyProjects/pystacked/cert/log_cs_pystacked_.txt
  log type:  text
 opened on:   3 Jan 2025, 18:14:01

. 
. which pystacked 
/Users/kahrens/MyProjects/pystacked/pystacked.ado
*! pystacked v0.7.5
*! last edited: 7aug2023
*! authors: aa/ms

. python: import sklearn

. python: sklearn.__version__
'1.6.0'

. 
. do "cs_pystacked_class.do"

. 
. 
. which pystacked 
/Users/kahrens/MyProjects/pystacked/pystacked.ado
*! pystacked v0.7.5
*! last edited: 7aug2023
*! authors: aa/ms

. python: import sklearn

. python: sklearn.__version__
'1.6.0'

. 
. tempfile testdata

. set seed 765

. global model v58 v1-v30

. insheet using https://archive.ics.uci.edu/ml/machine-learning-databases/spambase/spambase.data, clear comma
(58 vars, 4,601 obs)

. sample 15
(3,911 observations deleted)

. gen u = runiform()

. gen train = u<0.5

. gen train2 = u<.75

. save `testdata'
file /var/folders/0w/r8yclchd52bfwbf8l00fkkrr0000gs/T//S_27261.000001 saved as .dta format

. 
. *******************************************************************************
. *** check that it works without default methods                                                         ***
. *******************************************************************************
. 
.  insheet using ///
>  https://archive.ics.uci.edu/ml/machine-learning-databases/spambase/spambase.data, ///
>  clear comma
(58 vars, 4,601 obs)

. set seed 42

. gen train=runiform()

. replace train=train<.75
(4,601 real changes made)

.  pystacked v58 v1-v57 , type(class)
Error loading Python Script for pystacked.
unrecognized command
r(199);

end of do-file
r(199);

end of do-file

r(199);

. exit, clear
